SQL> show user
USER is ""
SQL> conn /as sysdba
Connected.
SQL> create user hgd identified by thief;

User created.

SQL> conn hgd/thief
ERROR:
ORA-01045: user HGD lacks CREATE SESSION privilege; logon denied 


Warning: You are no longer connected to ORACLE.
SQL> conn /as sysdba
Connected.
SQL> grant connect, resource to hgd;

Grant succeeded.

SQL> conn hgd/thief
Connected.
SQL> select * from tab;

no rows selected

SQL> desc system_privilege_map;
 Name                                      Null?    Type
 ----------------------------------------- -------- ----------------------------
 PRIVILEGE                                 NOT NULL NUMBER
 NAME                                      NOT NULL VARCHAR2(40)
 PROPERTY                                  NOT NULL NUMBER

SQL> select * from system_privilege_map;

 PRIVILEGE                                                                      
----------                                                                      
NAME                                                                            
--------------------------------------------------------------------------------
  PROPERTY                                                                      
----------                                                                      
        -3                                                                      
ALTER SYSTEM                                                                    
         0                                                                      
                                                                                
        -4                                                                      
AUDIT SYSTEM                                                                    
         0                                                                      

 PRIVILEGE                                                                      
----------                                                                      
NAME                                                                            
--------------------------------------------------------------------------------
  PROPERTY                                                                      
----------                                                                      
                                                                                
        -5                                                                      
CREATE SESSION                                                                  
         0                                                                      
                                                                                
        -6                                                                      
ALTER SESSION                                                                   

 PRIVILEGE                                                                      
----------                                                                      
NAME                                                                            
--------------------------------------------------------------------------------
  PROPERTY                                                                      
----------                                                                      
         0                                                                      
                                                                                
        -7                                                                      
RESTRICTED SESSION                                                              
         0                                                                      
                                                                                
       -10                                                                      

 PRIVILEGE                                                                      
----------                                                                      
NAME                                                                            
--------------------------------------------------------------------------------
  PROPERTY                                                                      
----------                                                                      
CREATE TABLESPACE                                                               
         0                                                                      
                                                                                
       -11                                                                      
ALTER TABLESPACE                                                                
         0                                                                      
                                                                                

 PRIVILEGE                                                                      
----------                                                                      
NAME                                                                            
--------------------------------------------------------------------------------
  PROPERTY                                                                      
----------                                                                      
       -12                                                                      
MANAGE TABLESPACE                                                               
         0                                                                      
                                                                                
       -13                                                                      
DROP TABLESPACE                                                                 
         0                                                                      

 PRIVILEGE                                                                      
----------                                                                      
NAME                                                                            
--------------------------------------------------------------------------------
  PROPERTY                                                                      
----------                                                                      
                                                                                
       -15                                                                      
UNLIMITED TABLESPACE                                                            
         0                                                                      
                                                                                
       -20                                                                      
CREATE USER                                                                     

 PRIVILEGE                                                                      
----------                                                                      
NAME                                                                            
--------------------------------------------------------------------------------
  PROPERTY                                                                      
----------                                                                      
         0                                                                      
                                                                                
       -21                                                                      
BECOME USER                                                                     
         0                                                                      
                                                                                
       -22                                                                      

 PRIVILEGE                                                                      
----------                                                                      
NAME                                                                            
--------------------------------------------------------------------------------
  PROPERTY                                                                      
----------                                                                      
ALTER USER                                                                      
         0                                                                      
                                                                                
       -23                                                                      
DROP USER                                                                       
         0                                                                      
                                                                                

 PRIVILEGE                                                                      
----------                                                                      
NAME                                                                            
--------------------------------------------------------------------------------
  PROPERTY                                                                      
----------                                                                      
       -30                                                                      
CREATE ROLLBACK SEGMENT                                                         
         0                                                                      
                                                                                
       -31                                                                      
ALTER ROLLBACK SEGMENT                                                          
         0                                                                      

 PRIVILEGE                                                                      
----------                                                                      
NAME                                                                            
--------------------------------------------------------------------------------
  PROPERTY                                                                      
----------                                                                      
                                                                                
       -32                                                                      
DROP ROLLBACK SEGMENT                                                           
         0                                                                      
                                                                                
       -40                                                                      
CREATE TABLE                                                                    

 PRIVILEGE                                                                      
----------                                                                      
NAME                                                                            
--------------------------------------------------------------------------------
  PROPERTY                                                                      
----------                                                                      
         0                                                                      
                                                                                
       -41                                                                      
CREATE ANY TABLE                                                                
         0                                                                      
                                                                                
       -42                                                                      

 PRIVILEGE                                                                      
----------                                                                      
NAME                                                                            
--------------------------------------------------------------------------------
  PROPERTY                                                                      
----------                                                                      
ALTER ANY TABLE                                                                 
         0                                                                      
                                                                                
       -43                                                                      
BACKUP ANY TABLE                                                                
         0                                                                      
                                                                                

 PRIVILEGE                                                                      
----------                                                                      
NAME                                                                            
--------------------------------------------------------------------------------
  PROPERTY                                                                      
----------                                                                      
       -44                                                                      
DROP ANY TABLE                                                                  
         0                                                                      
                                                                                
       -45                                                                      
LOCK ANY TABLE                                                                  
         0                                                                      

 PRIVILEGE                                                                      
----------                                                                      
NAME                                                                            
--------------------------------------------------------------------------------
  PROPERTY                                                                      
----------                                                                      
                                                                                
       -46                                                                      
COMMENT ANY TABLE                                                               
         0                                                                      
                                                                                
       -47                                                                      
SELECT ANY TABLE                                                                

 PRIVILEGE                                                                      
----------                                                                      
NAME                                                                            
--------------------------------------------------------------------------------
  PROPERTY                                                                      
----------                                                                      
         0                                                                      
                                                                                
       -48                                                                      
INSERT ANY TABLE                                                                
         0                                                                      
                                                                                
       -49                                                                      

 PRIVILEGE                                                                      
----------                                                                      
NAME                                                                            
--------------------------------------------------------------------------------
  PROPERTY                                                                      
----------                                                                      
UPDATE ANY TABLE                                                                
         0                                                                      
                                                                                
       -50                                                                      
DELETE ANY TABLE                                                                
         0                                                                      
                                                                                

 PRIVILEGE                                                                      
----------                                                                      
NAME                                                                            
--------------------------------------------------------------------------------
  PROPERTY                                                                      
----------                                                                      
       -60                                                                      
CREATE CLUSTER                                                                  
         0                                                                      
                                                                                
       -61                                                                      
CREATE ANY CLUSTER                                                              
         0                                                                      

 PRIVILEGE                                                                      
----------                                                                      
NAME                                                                            
--------------------------------------------------------------------------------
  PROPERTY                                                                      
----------                                                                      
                                                                                
       -62                                                                      
ALTER ANY CLUSTER                                                               
         0                                                                      
                                                                                
       -63                                                                      
DROP ANY CLUSTER                                                                

 PRIVILEGE                                                                      
----------                                                                      
NAME                                                                            
--------------------------------------------------------------------------------
  PROPERTY                                                                      
----------                                                                      
         0                                                                      
                                                                                
       -71                                                                      
CREATE ANY INDEX                                                                
         0                                                                      
                                                                                
       -72                                                                      

 PRIVILEGE                                                                      
----------                                                                      
NAME                                                                            
--------------------------------------------------------------------------------
  PROPERTY                                                                      
----------                                                                      
ALTER ANY INDEX                                                                 
         0                                                                      
                                                                                
       -73                                                                      
DROP ANY INDEX                                                                  
         0                                                                      
                                                                                

 PRIVILEGE                                                                      
----------                                                                      
NAME                                                                            
--------------------------------------------------------------------------------
  PROPERTY                                                                      
----------                                                                      
       -80                                                                      
CREATE SYNONYM                                                                  
         0                                                                      
                                                                                
       -81                                                                      
CREATE ANY SYNONYM                                                              
         0                                                                      

 PRIVILEGE                                                                      
----------                                                                      
NAME                                                                            
--------------------------------------------------------------------------------
  PROPERTY                                                                      
----------                                                                      
                                                                                
       -82                                                                      
DROP ANY SYNONYM                                                                
         0                                                                      
                                                                                
       -83                                                                      
SYSDBA                                                                          

 PRIVILEGE                                                                      
----------                                                                      
NAME                                                                            
--------------------------------------------------------------------------------
  PROPERTY                                                                      
----------                                                                      
         0                                                                      
                                                                                
       -84                                                                      
SYSOPER                                                                         
         0                                                                      
                                                                                
       -85                                                                      

 PRIVILEGE                                                                      
----------                                                                      
NAME                                                                            
--------------------------------------------------------------------------------
  PROPERTY                                                                      
----------                                                                      
CREATE PUBLIC SYNONYM                                                           
         0                                                                      
                                                                                
       -86                                                                      
DROP PUBLIC SYNONYM                                                             
         0                                                                      
                                                                                

 PRIVILEGE                                                                      
----------                                                                      
NAME                                                                            
--------------------------------------------------------------------------------
  PROPERTY                                                                      
----------                                                                      
       -90                                                                      
CREATE VIEW                                                                     
         0                                                                      
                                                                                
       -91                                                                      
CREATE ANY VIEW                                                                 
         0                                                                      

 PRIVILEGE                                                                      
----------                                                                      
NAME                                                                            
--------------------------------------------------------------------------------
  PROPERTY                                                                      
----------                                                                      
                                                                                
       -92                                                                      
DROP ANY VIEW                                                                   
         0                                                                      
                                                                                
      -105                                                                      
CREATE SEQUENCE                                                                 

 PRIVILEGE                                                                      
----------                                                                      
NAME                                                                            
--------------------------------------------------------------------------------
  PROPERTY                                                                      
----------                                                                      
         0                                                                      
                                                                                
      -106                                                                      
CREATE ANY SEQUENCE                                                             
         0                                                                      
                                                                                
      -107                                                                      

 PRIVILEGE                                                                      
----------                                                                      
NAME                                                                            
--------------------------------------------------------------------------------
  PROPERTY                                                                      
----------                                                                      
ALTER ANY SEQUENCE                                                              
         0                                                                      
                                                                                
      -108                                                                      
DROP ANY SEQUENCE                                                               
         0                                                                      
                                                                                

 PRIVILEGE                                                                      
----------                                                                      
NAME                                                                            
--------------------------------------------------------------------------------
  PROPERTY                                                                      
----------                                                                      
      -109                                                                      
SELECT ANY SEQUENCE                                                             
         0                                                                      
                                                                                
      -115                                                                      
CREATE DATABASE LINK                                                            
         0                                                                      

 PRIVILEGE                                                                      
----------                                                                      
NAME                                                                            
--------------------------------------------------------------------------------
  PROPERTY                                                                      
----------                                                                      
                                                                                
      -120                                                                      
CREATE PUBLIC DATABASE LINK                                                     
         0                                                                      
                                                                                
      -121                                                                      
DROP PUBLIC DATABASE LINK                                                       

 PRIVILEGE                                                                      
----------                                                                      
NAME                                                                            
--------------------------------------------------------------------------------
  PROPERTY                                                                      
----------                                                                      
         0                                                                      
                                                                                
      -125                                                                      
CREATE ROLE                                                                     
         0                                                                      
                                                                                
      -126                                                                      

 PRIVILEGE                                                                      
----------                                                                      
NAME                                                                            
--------------------------------------------------------------------------------
  PROPERTY                                                                      
----------                                                                      
DROP ANY ROLE                                                                   
         0                                                                      
                                                                                
      -127                                                                      
GRANT ANY ROLE                                                                  
         0                                                                      
                                                                                

 PRIVILEGE                                                                      
----------                                                                      
NAME                                                                            
--------------------------------------------------------------------------------
  PROPERTY                                                                      
----------                                                                      
      -128                                                                      
ALTER ANY ROLE                                                                  
         0                                                                      
                                                                                
      -130                                                                      
AUDIT ANY                                                                       
         0                                                                      

 PRIVILEGE                                                                      
----------                                                                      
NAME                                                                            
--------------------------------------------------------------------------------
  PROPERTY                                                                      
----------                                                                      
                                                                                
      -135                                                                      
ALTER DATABASE                                                                  
         0                                                                      
                                                                                
      -138                                                                      
FORCE TRANSACTION                                                               

 PRIVILEGE                                                                      
----------                                                                      
NAME                                                                            
--------------------------------------------------------------------------------
  PROPERTY                                                                      
----------                                                                      
         0                                                                      
                                                                                
      -139                                                                      
FORCE ANY TRANSACTION                                                           
         0                                                                      
                                                                                
      -140                                                                      

 PRIVILEGE                                                                      
----------                                                                      
NAME                                                                            
--------------------------------------------------------------------------------
  PROPERTY                                                                      
----------                                                                      
CREATE PROCEDURE                                                                
         0                                                                      
                                                                                
      -141                                                                      
CREATE ANY PROCEDURE                                                            
         0                                                                      
                                                                                

 PRIVILEGE                                                                      
----------                                                                      
NAME                                                                            
--------------------------------------------------------------------------------
  PROPERTY                                                                      
----------                                                                      
      -142                                                                      
ALTER ANY PROCEDURE                                                             
         0                                                                      
                                                                                
      -143                                                                      
DROP ANY PROCEDURE                                                              
         0                                                                      

 PRIVILEGE                                                                      
----------                                                                      
NAME                                                                            
--------------------------------------------------------------------------------
  PROPERTY                                                                      
----------                                                                      
                                                                                
      -144                                                                      
EXECUTE ANY PROCEDURE                                                           
         0                                                                      
                                                                                
      -151                                                                      
CREATE TRIGGER                                                                  

 PRIVILEGE                                                                      
----------                                                                      
NAME                                                                            
--------------------------------------------------------------------------------
  PROPERTY                                                                      
----------                                                                      
         0                                                                      
                                                                                
      -152                                                                      
CREATE ANY TRIGGER                                                              
         0                                                                      
                                                                                
      -153                                                                      

 PRIVILEGE                                                                      
----------                                                                      
NAME                                                                            
--------------------------------------------------------------------------------
  PROPERTY                                                                      
----------                                                                      
ALTER ANY TRIGGER                                                               
         0                                                                      
                                                                                
      -154                                                                      
DROP ANY TRIGGER                                                                
         0                                                                      
                                                                                

 PRIVILEGE                                                                      
----------                                                                      
NAME                                                                            
--------------------------------------------------------------------------------
  PROPERTY                                                                      
----------                                                                      
      -160                                                                      
CREATE PROFILE                                                                  
         0                                                                      
                                                                                
      -161                                                                      
ALTER PROFILE                                                                   
         0                                                                      

 PRIVILEGE                                                                      
----------                                                                      
NAME                                                                            
--------------------------------------------------------------------------------
  PROPERTY                                                                      
----------                                                                      
                                                                                
      -162                                                                      
DROP PROFILE                                                                    
         0                                                                      
                                                                                
      -163                                                                      
ALTER RESOURCE COST                                                             

 PRIVILEGE                                                                      
----------                                                                      
NAME                                                                            
--------------------------------------------------------------------------------
  PROPERTY                                                                      
----------                                                                      
         0                                                                      
                                                                                
      -165                                                                      
ANALYZE ANY                                                                     
         0                                                                      
                                                                                
      -167                                                                      

 PRIVILEGE                                                                      
----------                                                                      
NAME                                                                            
--------------------------------------------------------------------------------
  PROPERTY                                                                      
----------                                                                      
GRANT ANY PRIVILEGE                                                             
         0                                                                      
                                                                                
      -172                                                                      
CREATE MATERIALIZED VIEW                                                        
         0                                                                      
                                                                                

 PRIVILEGE                                                                      
----------                                                                      
NAME                                                                            
--------------------------------------------------------------------------------
  PROPERTY                                                                      
----------                                                                      
      -173                                                                      
CREATE ANY MATERIALIZED VIEW                                                    
         0                                                                      
                                                                                
      -174                                                                      
ALTER ANY MATERIALIZED VIEW                                                     
         0                                                                      

 PRIVILEGE                                                                      
----------                                                                      
NAME                                                                            
--------------------------------------------------------------------------------
  PROPERTY                                                                      
----------                                                                      
                                                                                
      -175                                                                      
DROP ANY MATERIALIZED VIEW                                                      
         0                                                                      
                                                                                
      -177                                                                      
CREATE ANY DIRECTORY                                                            

 PRIVILEGE                                                                      
----------                                                                      
NAME                                                                            
--------------------------------------------------------------------------------
  PROPERTY                                                                      
----------                                                                      
         0                                                                      
                                                                                
      -178                                                                      
DROP ANY DIRECTORY                                                              
         0                                                                      
                                                                                
      -180                                                                      

 PRIVILEGE                                                                      
----------                                                                      
NAME                                                                            
--------------------------------------------------------------------------------
  PROPERTY                                                                      
----------                                                                      
CREATE TYPE                                                                     
         0                                                                      
                                                                                
      -181                                                                      
CREATE ANY TYPE                                                                 
         0                                                                      
                                                                                

 PRIVILEGE                                                                      
----------                                                                      
NAME                                                                            
--------------------------------------------------------------------------------
  PROPERTY                                                                      
----------                                                                      
      -182                                                                      
ALTER ANY TYPE                                                                  
         0                                                                      
                                                                                
      -183                                                                      
DROP ANY TYPE                                                                   
         0                                                                      

 PRIVILEGE                                                                      
----------                                                                      
NAME                                                                            
--------------------------------------------------------------------------------
  PROPERTY                                                                      
----------                                                                      
                                                                                
      -184                                                                      
EXECUTE ANY TYPE                                                                
         0                                                                      
                                                                                
      -186                                                                      
UNDER ANY TYPE                                                                  

 PRIVILEGE                                                                      
----------                                                                      
NAME                                                                            
--------------------------------------------------------------------------------
  PROPERTY                                                                      
----------                                                                      
         0                                                                      
                                                                                
      -188                                                                      
CREATE LIBRARY                                                                  
         0                                                                      
                                                                                
      -189                                                                      

 PRIVILEGE                                                                      
----------                                                                      
NAME                                                                            
--------------------------------------------------------------------------------
  PROPERTY                                                                      
----------                                                                      
CREATE ANY LIBRARY                                                              
         0                                                                      
                                                                                
      -190                                                                      
ALTER ANY LIBRARY                                                               
         0                                                                      
                                                                                

 PRIVILEGE                                                                      
----------                                                                      
NAME                                                                            
--------------------------------------------------------------------------------
  PROPERTY                                                                      
----------                                                                      
      -191                                                                      
DROP ANY LIBRARY                                                                
         0                                                                      
                                                                                
      -192                                                                      
EXECUTE ANY LIBRARY                                                             
         0                                                                      

 PRIVILEGE                                                                      
----------                                                                      
NAME                                                                            
--------------------------------------------------------------------------------
  PROPERTY                                                                      
----------                                                                      
                                                                                
      -200                                                                      
CREATE OPERATOR                                                                 
         0                                                                      
                                                                                
      -201                                                                      
CREATE ANY OPERATOR                                                             

 PRIVILEGE                                                                      
----------                                                                      
NAME                                                                            
--------------------------------------------------------------------------------
  PROPERTY                                                                      
----------                                                                      
         0                                                                      
                                                                                
      -202                                                                      
ALTER ANY OPERATOR                                                              
         0                                                                      
                                                                                
      -203                                                                      

 PRIVILEGE                                                                      
----------                                                                      
NAME                                                                            
--------------------------------------------------------------------------------
  PROPERTY                                                                      
----------                                                                      
DROP ANY OPERATOR                                                               
         0                                                                      
                                                                                
      -204                                                                      
EXECUTE ANY OPERATOR                                                            
         0                                                                      
                                                                                

 PRIVILEGE                                                                      
----------                                                                      
NAME                                                                            
--------------------------------------------------------------------------------
  PROPERTY                                                                      
----------                                                                      
      -205                                                                      
CREATE INDEXTYPE                                                                
         0                                                                      
                                                                                
      -206                                                                      
CREATE ANY INDEXTYPE                                                            
         0                                                                      

 PRIVILEGE                                                                      
----------                                                                      
NAME                                                                            
--------------------------------------------------------------------------------
  PROPERTY                                                                      
----------                                                                      
                                                                                
      -207                                                                      
ALTER ANY INDEXTYPE                                                             
         0                                                                      
                                                                                
      -208                                                                      
DROP ANY INDEXTYPE                                                              

 PRIVILEGE                                                                      
----------                                                                      
NAME                                                                            
--------------------------------------------------------------------------------
  PROPERTY                                                                      
----------                                                                      
         0                                                                      
                                                                                
      -209                                                                      
UNDER ANY VIEW                                                                  
         0                                                                      
                                                                                
      -210                                                                      

 PRIVILEGE                                                                      
----------                                                                      
NAME                                                                            
--------------------------------------------------------------------------------
  PROPERTY                                                                      
----------                                                                      
QUERY REWRITE                                                                   
         0                                                                      
                                                                                
      -211                                                                      
GLOBAL QUERY REWRITE                                                            
         0                                                                      
                                                                                

 PRIVILEGE                                                                      
----------                                                                      
NAME                                                                            
--------------------------------------------------------------------------------
  PROPERTY                                                                      
----------                                                                      
      -212                                                                      
EXECUTE ANY INDEXTYPE                                                           
         0                                                                      
                                                                                
      -213                                                                      
UNDER ANY TABLE                                                                 
         0                                                                      

 PRIVILEGE                                                                      
----------                                                                      
NAME                                                                            
--------------------------------------------------------------------------------
  PROPERTY                                                                      
----------                                                                      
                                                                                
      -214                                                                      
CREATE DIMENSION                                                                
         0                                                                      
                                                                                
      -215                                                                      
CREATE ANY DIMENSION                                                            

 PRIVILEGE                                                                      
----------                                                                      
NAME                                                                            
--------------------------------------------------------------------------------
  PROPERTY                                                                      
----------                                                                      
         0                                                                      
                                                                                
      -216                                                                      
ALTER ANY DIMENSION                                                             
         0                                                                      
                                                                                
      -217                                                                      

 PRIVILEGE                                                                      
----------                                                                      
NAME                                                                            
--------------------------------------------------------------------------------
  PROPERTY                                                                      
----------                                                                      
DROP ANY DIMENSION                                                              
         0                                                                      
                                                                                
      -218                                                                      
MANAGE ANY QUEUE                                                                
         1                                                                      
                                                                                

 PRIVILEGE                                                                      
----------                                                                      
NAME                                                                            
--------------------------------------------------------------------------------
  PROPERTY                                                                      
----------                                                                      
      -219                                                                      
ENQUEUE ANY QUEUE                                                               
         1                                                                      
                                                                                
      -220                                                                      
DEQUEUE ANY QUEUE                                                               
         1                                                                      

 PRIVILEGE                                                                      
----------                                                                      
NAME                                                                            
--------------------------------------------------------------------------------
  PROPERTY                                                                      
----------                                                                      
                                                                                
      -222                                                                      
CREATE ANY CONTEXT                                                              
         0                                                                      
                                                                                
      -223                                                                      
DROP ANY CONTEXT                                                                

 PRIVILEGE                                                                      
----------                                                                      
NAME                                                                            
--------------------------------------------------------------------------------
  PROPERTY                                                                      
----------                                                                      
         0                                                                      
                                                                                
      -224                                                                      
CREATE ANY OUTLINE                                                              
         0                                                                      
                                                                                
      -225                                                                      

 PRIVILEGE                                                                      
----------                                                                      
NAME                                                                            
--------------------------------------------------------------------------------
  PROPERTY                                                                      
----------                                                                      
ALTER ANY OUTLINE                                                               
         0                                                                      
                                                                                
      -226                                                                      
DROP ANY OUTLINE                                                                
         0                                                                      
                                                                                

 PRIVILEGE                                                                      
----------                                                                      
NAME                                                                            
--------------------------------------------------------------------------------
  PROPERTY                                                                      
----------                                                                      
      -227                                                                      
ADMINISTER RESOURCE MANAGER                                                     
         1                                                                      
                                                                                
      -228                                                                      
ADMINISTER DATABASE TRIGGER                                                     
         0                                                                      

 PRIVILEGE                                                                      
----------                                                                      
NAME                                                                            
--------------------------------------------------------------------------------
  PROPERTY                                                                      
----------                                                                      
                                                                                
      -233                                                                      
MERGE ANY VIEW                                                                  
         0                                                                      
                                                                                
      -234                                                                      
ON COMMIT REFRESH                                                               

 PRIVILEGE                                                                      
----------                                                                      
NAME                                                                            
--------------------------------------------------------------------------------
  PROPERTY                                                                      
----------                                                                      
         0                                                                      
                                                                                
      -235                                                                      
EXEMPT ACCESS POLICY                                                            
         0                                                                      
                                                                                
      -236                                                                      

 PRIVILEGE                                                                      
----------                                                                      
NAME                                                                            
--------------------------------------------------------------------------------
  PROPERTY                                                                      
----------                                                                      
RESUMABLE                                                                       
         0                                                                      
                                                                                
      -237                                                                      
SELECT ANY DICTIONARY                                                           
         0                                                                      
                                                                                

 PRIVILEGE                                                                      
----------                                                                      
NAME                                                                            
--------------------------------------------------------------------------------
  PROPERTY                                                                      
----------                                                                      
      -238                                                                      
DEBUG CONNECT SESSION                                                           
         0                                                                      
                                                                                
      -241                                                                      
DEBUG ANY PROCEDURE                                                             
         0                                                                      

 PRIVILEGE                                                                      
----------                                                                      
NAME                                                                            
--------------------------------------------------------------------------------
  PROPERTY                                                                      
----------                                                                      
                                                                                
      -243                                                                      
FLASHBACK ANY TABLE                                                             
         0                                                                      
                                                                                
      -244                                                                      
GRANT ANY OBJECT PRIVILEGE                                                      

 PRIVILEGE                                                                      
----------                                                                      
NAME                                                                            
--------------------------------------------------------------------------------
  PROPERTY                                                                      
----------                                                                      
         0                                                                      
                                                                                
      -245                                                                      
CREATE EVALUATION CONTEXT                                                       
         1                                                                      
                                                                                
      -246                                                                      

 PRIVILEGE                                                                      
----------                                                                      
NAME                                                                            
--------------------------------------------------------------------------------
  PROPERTY                                                                      
----------                                                                      
CREATE ANY EVALUATION CONTEXT                                                   
         1                                                                      
                                                                                
      -247                                                                      
ALTER ANY EVALUATION CONTEXT                                                    
         1                                                                      
                                                                                

 PRIVILEGE                                                                      
----------                                                                      
NAME                                                                            
--------------------------------------------------------------------------------
  PROPERTY                                                                      
----------                                                                      
      -248                                                                      
DROP ANY EVALUATION CONTEXT                                                     
         1                                                                      
                                                                                
      -249                                                                      
EXECUTE ANY EVALUATION CONTEXT                                                  
         1                                                                      

 PRIVILEGE                                                                      
----------                                                                      
NAME                                                                            
--------------------------------------------------------------------------------
  PROPERTY                                                                      
----------                                                                      
                                                                                
      -250                                                                      
CREATE RULE SET                                                                 
         1                                                                      
                                                                                
      -251                                                                      
CREATE ANY RULE SET                                                             

 PRIVILEGE                                                                      
----------                                                                      
NAME                                                                            
--------------------------------------------------------------------------------
  PROPERTY                                                                      
----------                                                                      
         1                                                                      
                                                                                
      -252                                                                      
ALTER ANY RULE SET                                                              
         1                                                                      
                                                                                
      -253                                                                      

 PRIVILEGE                                                                      
----------                                                                      
NAME                                                                            
--------------------------------------------------------------------------------
  PROPERTY                                                                      
----------                                                                      
DROP ANY RULE SET                                                               
         1                                                                      
                                                                                
      -254                                                                      
EXECUTE ANY RULE SET                                                            
         1                                                                      
                                                                                

 PRIVILEGE                                                                      
----------                                                                      
NAME                                                                            
--------------------------------------------------------------------------------
  PROPERTY                                                                      
----------                                                                      
      -255                                                                      
EXPORT FULL DATABASE                                                            
         0                                                                      
                                                                                
      -256                                                                      
IMPORT FULL DATABASE                                                            
         0                                                                      

 PRIVILEGE                                                                      
----------                                                                      
NAME                                                                            
--------------------------------------------------------------------------------
  PROPERTY                                                                      
----------                                                                      
                                                                                
      -257                                                                      
CREATE RULE                                                                     
         1                                                                      
                                                                                
      -258                                                                      
CREATE ANY RULE                                                                 

 PRIVILEGE                                                                      
----------                                                                      
NAME                                                                            
--------------------------------------------------------------------------------
  PROPERTY                                                                      
----------                                                                      
         1                                                                      
                                                                                
      -259                                                                      
ALTER ANY RULE                                                                  
         1                                                                      
                                                                                
      -260                                                                      

 PRIVILEGE                                                                      
----------                                                                      
NAME                                                                            
--------------------------------------------------------------------------------
  PROPERTY                                                                      
----------                                                                      
DROP ANY RULE                                                                   
         1                                                                      
                                                                                
      -261                                                                      
EXECUTE ANY RULE                                                                
         1                                                                      
                                                                                

 PRIVILEGE                                                                      
----------                                                                      
NAME                                                                            
--------------------------------------------------------------------------------
  PROPERTY                                                                      
----------                                                                      
      -262                                                                      
ANALYZE ANY DICTIONARY                                                          
         0                                                                      
                                                                                
      -263                                                                      
ADVISOR                                                                         
         0                                                                      

 PRIVILEGE                                                                      
----------                                                                      
NAME                                                                            
--------------------------------------------------------------------------------
  PROPERTY                                                                      
----------                                                                      
                                                                                
      -264                                                                      
CREATE JOB                                                                      
         0                                                                      
                                                                                
      -265                                                                      
CREATE ANY JOB                                                                  

 PRIVILEGE                                                                      
----------                                                                      
NAME                                                                            
--------------------------------------------------------------------------------
  PROPERTY                                                                      
----------                                                                      
         0                                                                      
                                                                                
      -266                                                                      
EXECUTE ANY PROGRAM                                                             
         0                                                                      
                                                                                
      -267                                                                      

 PRIVILEGE                                                                      
----------                                                                      
NAME                                                                            
--------------------------------------------------------------------------------
  PROPERTY                                                                      
----------                                                                      
EXECUTE ANY CLASS                                                               
         0                                                                      
                                                                                
      -268                                                                      
MANAGE SCHEDULER                                                                
         0                                                                      
                                                                                

 PRIVILEGE                                                                      
----------                                                                      
NAME                                                                            
--------------------------------------------------------------------------------
  PROPERTY                                                                      
----------                                                                      
      -269                                                                      
SELECT ANY TRANSACTION                                                          
         0                                                                      
                                                                                
      -270                                                                      
DROP ANY SQL PROFILE                                                            
         0                                                                      

 PRIVILEGE                                                                      
----------                                                                      
NAME                                                                            
--------------------------------------------------------------------------------
  PROPERTY                                                                      
----------                                                                      
                                                                                
      -271                                                                      
ALTER ANY SQL PROFILE                                                           
         0                                                                      
                                                                                
      -272                                                                      
ADMINISTER SQL TUNING SET                                                       

 PRIVILEGE                                                                      
----------                                                                      
NAME                                                                            
--------------------------------------------------------------------------------
  PROPERTY                                                                      
----------                                                                      
         0                                                                      
                                                                                
      -273                                                                      
ADMINISTER ANY SQL TUNING SET                                                   
         0                                                                      
                                                                                
      -274                                                                      

 PRIVILEGE                                                                      
----------                                                                      
NAME                                                                            
--------------------------------------------------------------------------------
  PROPERTY                                                                      
----------                                                                      
CREATE ANY SQL PROFILE                                                          
         0                                                                      
                                                                                
      -275                                                                      
EXEMPT IDENTITY POLICY                                                          
         0                                                                      
                                                                                

 PRIVILEGE                                                                      
----------                                                                      
NAME                                                                            
--------------------------------------------------------------------------------
  PROPERTY                                                                      
----------                                                                      
      -276                                                                      
MANAGE FILE GROUP                                                               
         1                                                                      
                                                                                
      -277                                                                      
MANAGE ANY FILE GROUP                                                           
         1                                                                      

 PRIVILEGE                                                                      
----------                                                                      
NAME                                                                            
--------------------------------------------------------------------------------
  PROPERTY                                                                      
----------                                                                      
                                                                                
      -278                                                                      
READ ANY FILE GROUP                                                             
         1                                                                      
                                                                                
      -279                                                                      
CHANGE NOTIFICATION                                                             

 PRIVILEGE                                                                      
----------                                                                      
NAME                                                                            
--------------------------------------------------------------------------------
  PROPERTY                                                                      
----------                                                                      
         0                                                                      
                                                                                
      -280                                                                      
CREATE EXTERNAL JOB                                                             
         0                                                                      
                                                                                
      -281                                                                      

 PRIVILEGE                                                                      
----------                                                                      
NAME                                                                            
--------------------------------------------------------------------------------
  PROPERTY                                                                      
----------                                                                      
CREATE ANY EDITION                                                              
         0                                                                      
                                                                                
      -282                                                                      
DROP ANY EDITION                                                                
         0                                                                      
                                                                                

 PRIVILEGE                                                                      
----------                                                                      
NAME                                                                            
--------------------------------------------------------------------------------
  PROPERTY                                                                      
----------                                                                      
      -283                                                                      
ALTER ANY EDITION                                                               
         0                                                                      
                                                                                
      -284                                                                      
CREATE ASSEMBLY                                                                 
         0                                                                      

 PRIVILEGE                                                                      
----------                                                                      
NAME                                                                            
--------------------------------------------------------------------------------
  PROPERTY                                                                      
----------                                                                      
                                                                                
      -285                                                                      
CREATE ANY ASSEMBLY                                                             
         0                                                                      
                                                                                
      -286                                                                      
ALTER ANY ASSEMBLY                                                              

 PRIVILEGE                                                                      
----------                                                                      
NAME                                                                            
--------------------------------------------------------------------------------
  PROPERTY                                                                      
----------                                                                      
         0                                                                      
                                                                                
      -287                                                                      
DROP ANY ASSEMBLY                                                               
         0                                                                      
                                                                                
      -288                                                                      

 PRIVILEGE                                                                      
----------                                                                      
NAME                                                                            
--------------------------------------------------------------------------------
  PROPERTY                                                                      
----------                                                                      
EXECUTE ANY ASSEMBLY                                                            
         0                                                                      
                                                                                
      -289                                                                      
EXECUTE ASSEMBLY                                                                
         0                                                                      
                                                                                

 PRIVILEGE                                                                      
----------                                                                      
NAME                                                                            
--------------------------------------------------------------------------------
  PROPERTY                                                                      
----------                                                                      
      -290                                                                      
CREATE MINING MODEL                                                             
         0                                                                      
                                                                                
      -291                                                                      
CREATE ANY MINING MODEL                                                         
         0                                                                      

 PRIVILEGE                                                                      
----------                                                                      
NAME                                                                            
--------------------------------------------------------------------------------
  PROPERTY                                                                      
----------                                                                      
                                                                                
      -292                                                                      
DROP ANY MINING MODEL                                                           
         0                                                                      
                                                                                
      -293                                                                      
SELECT ANY MINING MODEL                                                         

 PRIVILEGE                                                                      
----------                                                                      
NAME                                                                            
--------------------------------------------------------------------------------
  PROPERTY                                                                      
----------                                                                      
         0                                                                      
                                                                                
      -294                                                                      
ALTER ANY MINING MODEL                                                          
         0                                                                      
                                                                                
      -295                                                                      

 PRIVILEGE                                                                      
----------                                                                      
NAME                                                                            
--------------------------------------------------------------------------------
  PROPERTY                                                                      
----------                                                                      
COMMENT ANY MINING MODEL                                                        
         0                                                                      
                                                                                
      -301                                                                      
CREATE CUBE DIMENSION                                                           
         0                                                                      
                                                                                

 PRIVILEGE                                                                      
----------                                                                      
NAME                                                                            
--------------------------------------------------------------------------------
  PROPERTY                                                                      
----------                                                                      
      -302                                                                      
ALTER ANY CUBE DIMENSION                                                        
         0                                                                      
                                                                                
      -303                                                                      
CREATE ANY CUBE DIMENSION                                                       
         0                                                                      

 PRIVILEGE                                                                      
----------                                                                      
NAME                                                                            
--------------------------------------------------------------------------------
  PROPERTY                                                                      
----------                                                                      
                                                                                
      -304                                                                      
DELETE ANY CUBE DIMENSION                                                       
         0                                                                      
                                                                                
      -305                                                                      
DROP ANY CUBE DIMENSION                                                         

 PRIVILEGE                                                                      
----------                                                                      
NAME                                                                            
--------------------------------------------------------------------------------
  PROPERTY                                                                      
----------                                                                      
         0                                                                      
                                                                                
      -306                                                                      
INSERT ANY CUBE DIMENSION                                                       
         0                                                                      
                                                                                
      -307                                                                      

 PRIVILEGE                                                                      
----------                                                                      
NAME                                                                            
--------------------------------------------------------------------------------
  PROPERTY                                                                      
----------                                                                      
SELECT ANY CUBE DIMENSION                                                       
         0                                                                      
                                                                                
      -308                                                                      
CREATE CUBE                                                                     
         0                                                                      
                                                                                

 PRIVILEGE                                                                      
----------                                                                      
NAME                                                                            
--------------------------------------------------------------------------------
  PROPERTY                                                                      
----------                                                                      
      -309                                                                      
ALTER ANY CUBE                                                                  
         0                                                                      
                                                                                
      -310                                                                      
CREATE ANY CUBE                                                                 
         0                                                                      

 PRIVILEGE                                                                      
----------                                                                      
NAME                                                                            
--------------------------------------------------------------------------------
  PROPERTY                                                                      
----------                                                                      
                                                                                
      -311                                                                      
DROP ANY CUBE                                                                   
         0                                                                      
                                                                                
      -312                                                                      
SELECT ANY CUBE                                                                 

 PRIVILEGE                                                                      
----------                                                                      
NAME                                                                            
--------------------------------------------------------------------------------
  PROPERTY                                                                      
----------                                                                      
         0                                                                      
                                                                                
      -313                                                                      
UPDATE ANY CUBE                                                                 
         0                                                                      
                                                                                
      -314                                                                      

 PRIVILEGE                                                                      
----------                                                                      
NAME                                                                            
--------------------------------------------------------------------------------
  PROPERTY                                                                      
----------                                                                      
CREATE MEASURE FOLDER                                                           
         0                                                                      
                                                                                
      -315                                                                      
CREATE ANY MEASURE FOLDER                                                       
         0                                                                      
                                                                                

 PRIVILEGE                                                                      
----------                                                                      
NAME                                                                            
--------------------------------------------------------------------------------
  PROPERTY                                                                      
----------                                                                      
      -316                                                                      
DELETE ANY MEASURE FOLDER                                                       
         0                                                                      
                                                                                
      -317                                                                      
DROP ANY MEASURE FOLDER                                                         
         0                                                                      

 PRIVILEGE                                                                      
----------                                                                      
NAME                                                                            
--------------------------------------------------------------------------------
  PROPERTY                                                                      
----------                                                                      
                                                                                
      -318                                                                      
INSERT ANY MEASURE FOLDER                                                       
         0                                                                      
                                                                                
      -319                                                                      
CREATE CUBE BUILD PROCESS                                                       

 PRIVILEGE                                                                      
----------                                                                      
NAME                                                                            
--------------------------------------------------------------------------------
  PROPERTY                                                                      
----------                                                                      
         0                                                                      
                                                                                
      -320                                                                      
CREATE ANY CUBE BUILD PROCESS                                                   
         0                                                                      
                                                                                
      -321                                                                      

 PRIVILEGE                                                                      
----------                                                                      
NAME                                                                            
--------------------------------------------------------------------------------
  PROPERTY                                                                      
----------                                                                      
DROP ANY CUBE BUILD PROCESS                                                     
         0                                                                      
                                                                                
      -322                                                                      
UPDATE ANY CUBE BUILD PROCESS                                                   
         0                                                                      
                                                                                

 PRIVILEGE                                                                      
----------                                                                      
NAME                                                                            
--------------------------------------------------------------------------------
  PROPERTY                                                                      
----------                                                                      
      -326                                                                      
UPDATE ANY CUBE DIMENSION                                                       
         0                                                                      
                                                                                
      -327                                                                      
ADMINISTER SQL MANAGEMENT OBJECT                                                
         0                                                                      

 PRIVILEGE                                                                      
----------                                                                      
NAME                                                                            
--------------------------------------------------------------------------------
  PROPERTY                                                                      
----------                                                                      
                                                                                
      -328                                                                      
ALTER PUBLIC DATABASE LINK                                                      
         0                                                                      
                                                                                
      -329                                                                      
ALTER DATABASE LINK                                                             

 PRIVILEGE                                                                      
----------                                                                      
NAME                                                                            
--------------------------------------------------------------------------------
  PROPERTY                                                                      
----------                                                                      
         0                                                                      
                                                                                
      -350                                                                      
FLASHBACK ARCHIVE ADMINISTER                                                    
         0                                                                      
                                                                                

208 rows selected.

SQL> show user
USER is "HGD"
SQL> conn /as sysdba
Connected.
SQL> grant create role to hgd;

Grant succeeded.

SQL> revoke create role from hgd;

Revoke succeeded.

SQL> conn scott/tiger;
Connected.
SQL> grant selecet, insert on emp to hgd;
grant selecet, insert on emp to hgd
      *
ERROR at line 1:
ORA-00990: missing or invalid privilege 


SQL> grant select, insert on emp to hgd;

Grant succeeded.

SQL> conn hgd/thief
Connected.
SQL> select * from scott.emp
  2  /

     EMPNO ENAME                JOB                       MGR HIREDATE          
---------- -------------------- ------------------ ---------- --------          
       SAL       COMM     DEPTNO                                                
---------- ---------- ----------                                                
      7369 SMITH                CLERK                    7902 80/12/17          
       800                    20                                                
                                                                                
      7499 ALLEN                SALESMAN                 7698 81/02/20          
      1600        300         30                                                
                                                                                
      7521 WARD                 SALESMAN                 7698 81/02/22          
      1250        500         30                                                
                                                                                

     EMPNO ENAME                JOB                       MGR HIREDATE          
---------- -------------------- ------------------ ---------- --------          
       SAL       COMM     DEPTNO                                                
---------- ---------- ----------                                                
      7566 JONES                MANAGER                  7839 81/04/02          
      2975                    20                                                
                                                                                
      7654 MARTIN               SALESMAN                 7698 81/09/28          
      1250       1400         30                                                
                                                                                
      7698 BLAKE                MANAGER                  7839 81/05/01          
      2850                    30                                                
                                                                                

     EMPNO ENAME                JOB                       MGR HIREDATE          
---------- -------------------- ------------------ ---------- --------          
       SAL       COMM     DEPTNO                                                
---------- ---------- ----------                                                
      7782 CLARK                MANAGER                  7839 81/06/09          
      2450                    10                                                
                                                                                
      7839 KING                 PRESIDENT                     81/11/17          
      5000                    10                                                
                                                                                
      7844 TURNER               SALESMAN                 7698 81/09/08          
      1500          0         30                                                
                                                                                

     EMPNO ENAME                JOB                       MGR HIREDATE          
---------- -------------------- ------------------ ---------- --------          
       SAL       COMM     DEPTNO                                                
---------- ---------- ----------                                                
      7900 JAMES                CLERK                    7698 81/12/03          
       950                    30                                                
                                                                                
      7902 FORD                 ANALYST                  7566 81/12/03          
      3000                    20                                                
                                                                                
      7934 MILLER               CLERK                    7782 82/01/23          
      1300                    10                                                
                                                                                

12 rows selected.

SQL> col format job a15
SP2-0158: unknown COLUMN option "job"
SQL> col job format a15
SQL> /

     EMPNO ENAME                JOB                    MGR HIREDATE        SAL  
---------- -------------------- --------------- ---------- -------- ----------  
      COMM     DEPTNO                                                           
---------- ----------                                                           
      7369 SMITH                CLERK                 7902 80/12/17        800  
                   20                                                           
                                                                                
      7499 ALLEN                SALESMAN              7698 81/02/20       1600  
       300         30                                                           
                                                                                
      7521 WARD                 SALESMAN              7698 81/02/22       1250  
       500         30                                                           
                                                                                

     EMPNO ENAME                JOB                    MGR HIREDATE        SAL  
---------- -------------------- --------------- ---------- -------- ----------  
      COMM     DEPTNO                                                           
---------- ----------                                                           
      7566 JONES                MANAGER               7839 81/04/02       2975  
                   20                                                           
                                                                                
      7654 MARTIN               SALESMAN              7698 81/09/28       1250  
      1400         30                                                           
                                                                                
      7698 BLAKE                MANAGER               7839 81/05/01       2850  
                   30                                                           
                                                                                

     EMPNO ENAME                JOB                    MGR HIREDATE        SAL  
---------- -------------------- --------------- ---------- -------- ----------  
      COMM     DEPTNO                                                           
---------- ----------                                                           
      7782 CLARK                MANAGER               7839 81/06/09       2450  
                   10                                                           
                                                                                
      7839 KING                 PRESIDENT                  81/11/17       5000  
                   10                                                           
                                                                                
      7844 TURNER               SALESMAN              7698 81/09/08       1500  
         0         30                                                           
                                                                                

     EMPNO ENAME                JOB                    MGR HIREDATE        SAL  
---------- -------------------- --------------- ---------- -------- ----------  
      COMM     DEPTNO                                                           
---------- ----------                                                           
      7900 JAMES                CLERK                 7698 81/12/03        950  
                   30                                                           
                                                                                
      7902 FORD                 ANALYST               7566 81/12/03       3000  
                   20                                                           
                                                                                
      7934 MILLER               CLERK                 7782 82/01/23       1300  
                   10                                                           
                                                                                

12 rows selected.

SQL> select'SYNONYM EX' from dual;

'SYNONYMEX'                                                                     
--------------------                                                            
SYNONYM EX                                                                      

SQL> show user
USER is "HGD"
SQL> select * from tab;

no rows selected

SQL> create synonym emp for scott.emp;
create synonym emp for scott.emp
*
ERROR at line 1:
ORA-01031: insufficient privileges 


SQL> show user
USER is "HGD"
SQL> conn /as sysdba
Connected.
SQL> grant create role to hgd;

Grant succeeded.

SQL> grant create synontm to hgd;
grant create synontm to hgd
      *
ERROR at line 1:
ORA-00990: missing or invalid privilege 


SQL> grant create synonym to hgd;

Grant succeeded.

SQL> conn hgd/thief
Connected.
SQL> create synonym emp for scott.emp;

Synonym created.

SQL> select * from emp;

     EMPNO ENAME                JOB                    MGR HIREDATE        SAL  
---------- -------------------- --------------- ---------- -------- ----------  
      COMM     DEPTNO                                                           
---------- ----------                                                           
      7369 SMITH                CLERK                 7902 80/12/17        800  
                   20                                                           
                                                                                
      7499 ALLEN                SALESMAN              7698 81/02/20       1600  
       300         30                                                           
                                                                                
      7521 WARD                 SALESMAN              7698 81/02/22       1250  
       500         30                                                           
                                                                                

     EMPNO ENAME                JOB                    MGR HIREDATE        SAL  
---------- -------------------- --------------- ---------- -------- ----------  
      COMM     DEPTNO                                                           
---------- ----------                                                           
      7566 JONES                MANAGER               7839 81/04/02       2975  
                   20                                                           
                                                                                
      7654 MARTIN               SALESMAN              7698 81/09/28       1250  
      1400         30                                                           
                                                                                
      7698 BLAKE                MANAGER               7839 81/05/01       2850  
                   30                                                           
                                                                                

     EMPNO ENAME                JOB                    MGR HIREDATE        SAL  
---------- -------------------- --------------- ---------- -------- ----------  
      COMM     DEPTNO                                                           
---------- ----------                                                           
      7782 CLARK                MANAGER               7839 81/06/09       2450  
                   10                                                           
                                                                                
      7839 KING                 PRESIDENT                  81/11/17       5000  
                   10                                                           
                                                                                
      7844 TURNER               SALESMAN              7698 81/09/08       1500  
         0         30                                                           
                                                                                

     EMPNO ENAME                JOB                    MGR HIREDATE        SAL  
---------- -------------------- --------------- ---------- -------- ----------  
      COMM     DEPTNO                                                           
---------- ----------                                                           
      7900 JAMES                CLERK                 7698 81/12/03        950  
                   30                                                           
                                                                                
      7902 FORD                 ANALYST               7566 81/12/03       3000  
                   20                                                           
                                                                                
      7934 MILLER               CLERK                 7782 82/01/23       1300  
                   10                                                           
                                                                                

12 rows selected.

SQL> show user
USER is "HGD"
SQL> select * from role_sys_privs;

ROLE                                                                            
------------------------------------------------------------                    
PRIVILEGE                                                                       
--------------------------------------------------------------------------------
ADMIN_                                                                          
------                                                                          
RESOURCE                                                                        
CREATE SEQUENCE                                                                 
NO                                                                              
                                                                                
RESOURCE                                                                        
CREATE TRIGGER                                                                  
NO                                                                              

ROLE                                                                            
------------------------------------------------------------                    
PRIVILEGE                                                                       
--------------------------------------------------------------------------------
ADMIN_                                                                          
------                                                                          
                                                                                
RESOURCE                                                                        
CREATE CLUSTER                                                                  
NO                                                                              
                                                                                
RESOURCE                                                                        
CREATE PROCEDURE                                                                

ROLE                                                                            
------------------------------------------------------------                    
PRIVILEGE                                                                       
--------------------------------------------------------------------------------
ADMIN_                                                                          
------                                                                          
NO                                                                              
                                                                                
RESOURCE                                                                        
CREATE TYPE                                                                     
NO                                                                              
                                                                                
CONNECT                                                                         

ROLE                                                                            
------------------------------------------------------------                    
PRIVILEGE                                                                       
--------------------------------------------------------------------------------
ADMIN_                                                                          
------                                                                          
CREATE SESSION                                                                  
NO                                                                              
                                                                                
RESOURCE                                                                        
CREATE OPERATOR                                                                 
NO                                                                              
                                                                                

ROLE                                                                            
------------------------------------------------------------                    
PRIVILEGE                                                                       
--------------------------------------------------------------------------------
ADMIN_                                                                          
------                                                                          
RESOURCE                                                                        
CREATE TABLE                                                                    
NO                                                                              
                                                                                
RESOURCE                                                                        
CREATE INDEXTYPE                                                                
NO                                                                              

ROLE                                                                            
------------------------------------------------------------                    
PRIVILEGE                                                                       
--------------------------------------------------------------------------------
ADMIN_                                                                          
------                                                                          
                                                                                

9 rows selected.

SQL> col role format a20
SQL> col privilege format a30
SQL> r
  1* select * from role_sys_privs

ROLE                 PRIVILEGE                      ADMIN_                      
-------------------- ------------------------------ ------                      
RESOURCE             CREATE SEQUENCE                NO                          
RESOURCE             CREATE TRIGGER                 NO                          
RESOURCE             CREATE CLUSTER                 NO                          
RESOURCE             CREATE PROCEDURE               NO                          
RESOURCE             CREATE TYPE                    NO                          
CONNECT              CREATE SESSION                 NO                          
RESOURCE             CREATE OPERATOR                NO                          
RESOURCE             CREATE TABLE                   NO                          
RESOURCE             CREATE INDEXTYPE               NO                          

9 rows selected.

SQL> select *
  2  from user_tab_privs
  3  _made;
_made
*
ERROR at line 3:
ORA-00911: invalid character 


SQL> select *
  2  from user_tab_privs_made;

no rows selected

SQL> from user_tab_privs_recd;
SP2-0734: unknown command beginning "from user_..." - rest of line ignored.
SQL> select *
  2  from user_tab_privs_recd;

OWNER                                                                           
------------------------------------------------------------                    
TABLE_NAME                                                                      
------------------------------------------------------------                    
GRANTOR                                                                         
------------------------------------------------------------                    
PRIVILEGE                      GRANTA HIERAR                                    
------------------------------ ------ ------                                    
SCOTT                                                                           
EMP                                                                             
SCOTT                                                                           
SELECT                         NO     NO                                        
                                                                                

OWNER                                                                           
------------------------------------------------------------                    
TABLE_NAME                                                                      
------------------------------------------------------------                    
GRANTOR                                                                         
------------------------------------------------------------                    
PRIVILEGE                      GRANTA HIERAR                                    
------------------------------ ------ ------                                    
SCOTT                                                                           
EMP                                                                             
SCOTT                                                                           
INSERT                         NO     NO                                        
                                                                                

SQL> conn /as sysdba
Connected.
SQL> create role level1;

Role created.

SQL> grant create session, create table, create view to level1;

Grant succeeded.

SQL> create user scott1 identified by tiger1;

User created.

SQL> create user scott2 identified by tiger2;

User created.

SQL> grant level1 to scott1,scott2;

Grant succeeded.

SQL> conn scott/tiger1;
ERROR:
ORA-01017: invalid username/password; logon denied 


Warning: You are no longer connected to ORACLE.
SQL> conn /as sysdba
Connected.
SQL> conn scott1/tiger1;
Connected.
SQL> select * from tab;

no rows selected

SQL> conn hgd/thief;
Connected.
SQL> select * from tab;

TNAME                                                        TABTYPE            
------------------------------------------------------------ --------------     
 CLUSTERID                                                                      
----------                                                                      
EMP                                                          SYNONYM            
                                                                                
                                                                                

SQL> conn scott/tiger;
Connected.
SQL> select * from tab;

TNAME                                                        TABTYPE            
------------------------------------------------------------ --------------     
 CLUSTERID                                                                      
----------                                                                      
BONUS                                                        TABLE              
                                                                                
                                                                                
CK_TAB2                                                      TABLE              
                                                                                
                                                                                
COPY_EMP                                                     TABLE              
                                                                                
                                                                                

TNAME                                                        TABTYPE            
------------------------------------------------------------ --------------     
 CLUSTERID                                                                      
----------                                                                      
DEPT                                                         TABLE              
                                                                                
                                                                                
DEPT_TAB                                                     TABLE              
                                                                                
                                                                                
EMP                                                          TABLE              
                                                                                
                                                                                

TNAME                                                        TABTYPE            
------------------------------------------------------------ --------------     
 CLUSTERID                                                                      
----------                                                                      
EMP_10                                                       TABLE              
                                                                                
                                                                                
MEMBER                                                       TABLE              
                                                                                
                                                                                
POST                                                         TABLE              
                                                                                
                                                                                

TNAME                                                        TABTYPE            
------------------------------------------------------------ --------------     
 CLUSTERID                                                                      
----------                                                                      
SALGRADE                                                     TABLE              
                                                                                
                                                                                
TEST_TAB1                                                    TABLE              
                                                                                
                                                                                
TIMESTAMP_TEST                                               TABLE              
                                                                                
                                                                                

12 rows selected.

SQL> col ename format a10
SQL> col job format a15r
SP2-0246: Illegal FORMAT string "a15r"
SQL> col job format a15
SQL> r
  1* select * from tab

TNAME                                                        TABTYPE            
------------------------------------------------------------ --------------     
 CLUSTERID                                                                      
----------                                                                      
BONUS                                                        TABLE              
                                                                                
                                                                                
CK_TAB2                                                      TABLE              
                                                                                
                                                                                
COPY_EMP                                                     TABLE              
                                                                                
                                                                                

TNAME                                                        TABTYPE            
------------------------------------------------------------ --------------     
 CLUSTERID                                                                      
----------                                                                      
DEPT                                                         TABLE              
                                                                                
                                                                                
DEPT_TAB                                                     TABLE              
                                                                                
                                                                                
EMP                                                          TABLE              
                                                                                
                                                                                

TNAME                                                        TABTYPE            
------------------------------------------------------------ --------------     
 CLUSTERID                                                                      
----------                                                                      
EMP_10                                                       TABLE              
                                                                                
                                                                                
MEMBER                                                       TABLE              
                                                                                
                                                                                
POST                                                         TABLE              
                                                                                
                                                                                

TNAME                                                        TABTYPE            
------------------------------------------------------------ --------------     
 CLUSTERID                                                                      
----------                                                                      
SALGRADE                                                     TABLE              
                                                                                
                                                                                
TEST_TAB1                                                    TABLE              
                                                                                
                                                                                
TIMESTAMP_TEST                                               TABLE              
                                                                                
                                                                                

12 rows selected.

SQL> set lineseize 140
SP2-0158: unknown SET option "lineseize"
SQL> set linesize 140
SQL> r
  1* select * from tab

TNAME                                                        TABTYPE         CLUSTERID                                                      
------------------------------------------------------------ -------------- ----------                                                      
BONUS                                                        TABLE                                                                          
CK_TAB2                                                      TABLE                                                                          
COPY_EMP                                                     TABLE                                                                          
DEPT                                                         TABLE                                                                          
DEPT_TAB                                                     TABLE                                                                          
EMP                                                          TABLE                                                                          
EMP_10                                                       TABLE                                                                          
MEMBER                                                       TABLE                                                                          
POST                                                         TABLE                                                                          
SALGRADE                                                     TABLE                                                                          
TEST_TAB1                                                    TABLE                                                                          

TNAME                                                        TABTYPE         CLUSTERID                                                      
------------------------------------------------------------ -------------- ----------                                                      
TIMESTAMP_TEST                                               TABLE                                                                          

12 rows selected.

SQL> select * from emp
  2  ;

     EMPNO ENAME      JOB                    MGR HIREDATE        SAL       COMM     DEPTNO                                                  
---------- ---------- --------------- ---------- -------- ---------- ---------- ----------                                                  
      7369 SMITH      CLERK                 7902 80/12/17        800                    20                                                  
      7499 ALLEN      SALESMAN              7698 81/02/20       1600        300         30                                                  
      7521 WARD       SALESMAN              7698 81/02/22       1250        500         30                                                  
      7566 JONES      MANAGER               7839 81/04/02       2975                    20                                                  
      7654 MARTIN     SALESMAN              7698 81/09/28       1250       1400         30                                                  
      7698 BLAKE      MANAGER               7839 81/05/01       2850                    30                                                  
      7782 CLARK      MANAGER               7839 81/06/09       2450                    10                                                  
      7839 KING       PRESIDENT                  81/11/17       5000                    10                                                  
      7844 TURNER     SALESMAN              7698 81/09/08       1500          0         30                                                  
      7900 JAMES      CLERK                 7698 81/12/03        950                    30                                                  
      7902 FORD       ANALYST               7566 81/12/03       3000                    20                                                  

     EMPNO ENAME      JOB                    MGR HIREDATE        SAL       COMM     DEPTNO                                                  
---------- ---------- --------------- ---------- -------- ---------- ---------- ----------                                                  
      7934 MILLER     CLERK                 7782 82/01/23       1300                    10                                                  

12 rows selected.

SQL> update emp
  2  set deptno=30
  3  where empno=7782;

1 row updated.

SQL> select * from emp;

     EMPNO ENAME      JOB                    MGR HIREDATE        SAL       COMM     DEPTNO                                                  
---------- ---------- --------------- ---------- -------- ---------- ---------- ----------                                                  
      7369 SMITH      CLERK                 7902 80/12/17        800                    20                                                  
      7499 ALLEN      SALESMAN              7698 81/02/20       1600        300         30                                                  
      7521 WARD       SALESMAN              7698 81/02/22       1250        500         30                                                  
      7566 JONES      MANAGER               7839 81/04/02       2975                    20                                                  
      7654 MARTIN     SALESMAN              7698 81/09/28       1250       1400         30                                                  
      7698 BLAKE      MANAGER               7839 81/05/01       2850                    30                                                  
      7782 CLARK      MANAGER               7839 81/06/09       2450                    30                                                  
      7839 KING       PRESIDENT                  81/11/17       5000                    10                                                  
      7844 TURNER     SALESMAN              7698 81/09/08       1500          0         30                                                  
      7900 JAMES      CLERK                 7698 81/12/03        950                    30                                                  
      7902 FORD       ANALYST               7566 81/12/03       3000                    20                                                  

     EMPNO ENAME      JOB                    MGR HIREDATE        SAL       COMM     DEPTNO                                                  
---------- ---------- --------------- ---------- -------- ---------- ---------- ----------                                                  
      7934 MILLER     CLERK                 7782 82/01/23       1300                    10                                                  

12 rows selected.

SQL> rollback;

Rollback complete.

SQL> select * from emp;

     EMPNO ENAME      JOB                    MGR HIREDATE        SAL       COMM     DEPTNO                                                  
---------- ---------- --------------- ---------- -------- ---------- ---------- ----------                                                  
      7369 SMITH      CLERK                 7902 80/12/17        800                    20                                                  
      7499 ALLEN      SALESMAN              7698 81/02/20       1600        300         30                                                  
      7521 WARD       SALESMAN              7698 81/02/22       1250        500         30                                                  
      7566 JONES      MANAGER               7839 81/04/02       2975                    20                                                  
      7654 MARTIN     SALESMAN              7698 81/09/28       1250       1400         30                                                  
      7698 BLAKE      MANAGER               7839 81/05/01       2850                    30                                                  
      7782 CLARK      MANAGER               7839 81/06/09       2450                    10                                                  
      7839 KING       PRESIDENT                  81/11/17       5000                    10                                                  
      7844 TURNER     SALESMAN              7698 81/09/08       1500          0         30                                                  
      7900 JAMES      CLERK                 7698 81/12/03        950                    30                                                  
      7902 FORD       ANALYST               7566 81/12/03       3000                    20                                                  

     EMPNO ENAME      JOB                    MGR HIREDATE        SAL       COMM     DEPTNO                                                  
---------- ---------- --------------- ---------- -------- ---------- ---------- ----------                                                  
      7934 MILLER     CLERK                 7782 82/01/23       1300                    10                                                  

12 rows selected.

SQL> set deptno=30
SP2-0158: unknown SET option "deptno=30"
SQL> update emp
  2  set deptno=30
  3  where dmpno=7782
  4  ;
where dmpno=7782
      *
ERROR at line 3:
ORA-00904: "DMPNO": invalid identifier 


SQL> ed
Wrote file afiedt.buf

  1  update emp
  2  set deptno=30
  3* where empno=7782
  4  ;

1 row updated.

SQL> commit;

Commit complete.

SQL> select * from emp;

     EMPNO ENAME      JOB                    MGR HIREDATE        SAL       COMM     DEPTNO                                                  
---------- ---------- --------------- ---------- -------- ---------- ---------- ----------                                                  
      7369 SMITH      CLERK                 7902 80/12/17        800                    20                                                  
      7499 ALLEN      SALESMAN              7698 81/02/20       1600        300         30                                                  
      7521 WARD       SALESMAN              7698 81/02/22       1250        500         30                                                  
      7566 JONES      MANAGER               7839 81/04/02       2975                    20                                                  
      7654 MARTIN     SALESMAN              7698 81/09/28       1250       1400         30                                                  
      7698 BLAKE      MANAGER               7839 81/05/01       2850                    30                                                  
      7782 CLARK      MANAGER               7839 81/06/09       2450                    30                                                  
      7839 KING       PRESIDENT                  81/11/17       5000                    10                                                  
      7844 TURNER     SALESMAN              7698 81/09/08       1500          0         30                                                  
      7900 JAMES      CLERK                 7698 81/12/03        950                    30                                                  
      7902 FORD       ANALYST               7566 81/12/03       3000                    20                                                  

     EMPNO ENAME      JOB                    MGR HIREDATE        SAL       COMM     DEPTNO                                                  
---------- ---------- --------------- ---------- -------- ---------- ---------- ----------                                                  
      7934 MILLER     CLERK                 7782 82/01/23       1300                    10                                                  

12 rows selected.

SQL> rollback;

Rollback complete.

SQL> select * from emp;

     EMPNO ENAME      JOB                    MGR HIREDATE        SAL       COMM     DEPTNO                                                  
---------- ---------- --------------- ---------- -------- ---------- ---------- ----------                                                  
      7369 SMITH      CLERK                 7902 80/12/17        800                    20                                                  
      7499 ALLEN      SALESMAN              7698 81/02/20       1600        300         30                                                  
      7521 WARD       SALESMAN              7698 81/02/22       1250        500         30                                                  
      7566 JONES      MANAGER               7839 81/04/02       2975                    20                                                  
      7654 MARTIN     SALESMAN              7698 81/09/28       1250       1400         30                                                  
      7698 BLAKE      MANAGER               7839 81/05/01       2850                    30                                                  
      7782 CLARK      MANAGER               7839 81/06/09       2450                    30                                                  
      7839 KING       PRESIDENT                  81/11/17       5000                    10                                                  
      7844 TURNER     SALESMAN              7698 81/09/08       1500          0         30                                                  
      7900 JAMES      CLERK                 7698 81/12/03        950                    30                                                  
      7902 FORD       ANALYST               7566 81/12/03       3000                    20                                                  

     EMPNO ENAME      JOB                    MGR HIREDATE        SAL       COMM     DEPTNO                                                  
---------- ---------- --------------- ---------- -------- ---------- ---------- ----------                                                  
      7934 MILLER     CLERK                 7782 82/01/23       1300                    10                                                  

12 rows selected.

SQL> savepoint c:\DEV\SQLworkspaces\Day-20191128_SavePoint
  2  ;
savepoint c:\DEV\SQLworkspaces\Day-20191128_SavePoint
           *
ERROR at line 1:
ORA-00933: SQL command not properly ended 


SQL> savepoint c:\DEV\SQLworkspaces\Day_20191128_SavePoint;
savepoint c:\DEV\SQLworkspaces\Day_20191128_SavePoint
           *
ERROR at line 1:
ORA-00933: SQL command not properly ended 


SQL> savepoint Day_20191128_Savepoint;

Savepoint created.

SQL> update emp
  2  set sal=1000
  3  where empno=7839;

1 row updated.

SQL> select * from emp;

     EMPNO ENAME      JOB                    MGR HIREDATE        SAL       COMM     DEPTNO                                                  
---------- ---------- --------------- ---------- -------- ---------- ---------- ----------                                                  
      7369 SMITH      CLERK                 7902 80/12/17        800                    20                                                  
      7499 ALLEN      SALESMAN              7698 81/02/20       1600        300         30                                                  
      7521 WARD       SALESMAN              7698 81/02/22       1250        500         30                                                  
      7566 JONES      MANAGER               7839 81/04/02       2975                    20                                                  
      7654 MARTIN     SALESMAN              7698 81/09/28       1250       1400         30                                                  
      7698 BLAKE      MANAGER               7839 81/05/01       2850                    30                                                  
      7782 CLARK      MANAGER               7839 81/06/09       2450                    30                                                  
      7839 KING       PRESIDENT                  81/11/17       1000                    10                                                  
      7844 TURNER     SALESMAN              7698 81/09/08       1500          0         30                                                  
      7900 JAMES      CLERK                 7698 81/12/03        950                    30                                                  
      7902 FORD       ANALYST               7566 81/12/03       3000                    20                                                  

     EMPNO ENAME      JOB                    MGR HIREDATE        SAL       COMM     DEPTNO                                                  
---------- ---------- --------------- ---------- -------- ---------- ---------- ----------                                                  
      7934 MILLER     CLERK                 7782 82/01/23       1300                    10                                                  

12 rows selected.

SQL> commit;

Commit complete.

SQL> rollback;

Rollback complete.

SQL> select * from emp;

     EMPNO ENAME      JOB                    MGR HIREDATE        SAL       COMM     DEPTNO                                                  
---------- ---------- --------------- ---------- -------- ---------- ---------- ----------                                                  
      7369 SMITH      CLERK                 7902 80/12/17        800                    20                                                  
      7499 ALLEN      SALESMAN              7698 81/02/20       1600        300         30                                                  
      7521 WARD       SALESMAN              7698 81/02/22       1250        500         30                                                  
      7566 JONES      MANAGER               7839 81/04/02       2975                    20                                                  
      7654 MARTIN     SALESMAN              7698 81/09/28       1250       1400         30                                                  
      7698 BLAKE      MANAGER               7839 81/05/01       2850                    30                                                  
      7782 CLARK      MANAGER               7839 81/06/09       2450                    30                                                  
      7839 KING       PRESIDENT                  81/11/17       1000                    10                                                  
      7844 TURNER     SALESMAN              7698 81/09/08       1500          0         30                                                  
      7900 JAMES      CLERK                 7698 81/12/03        950                    30                                                  
      7902 FORD       ANALYST               7566 81/12/03       3000                    20                                                  

     EMPNO ENAME      JOB                    MGR HIREDATE        SAL       COMM     DEPTNO                                                  
---------- ---------- --------------- ---------- -------- ---------- ---------- ----------                                                  
      7934 MILLER     CLERK                 7782 82/01/23       1300                    10                                                  

12 rows selected.

SQL> rollback to savepoint Day_20191128_SavePoint;
rollback to savepoint Day_20191128_SavePoint
*
ERROR at line 1:
ORA-01086: savepoint 'DAY_20191128_SAVEPOINT' never established in this session or is invalid 


SQL> show user
USER is "SCOTT"
SQL> conn /as sysdba
Connected.
SQL> show user
USER is "SYS"
SQL> select * from emp;
select * from emp
              *
ERROR at line 1:
ORA-00942: table or view does not exist 


SQL> rollback to savepoint point_1;
rollback to savepoint point_1
*
ERROR at line 1:
ORA-01086: savepoint 'POINT_1' never established in this session or is invalid 


SQL> conn scott/tiger
Connected.
SQL> update emp
  2  set deptno =30
  3  where empno=7788;

0 rows updated.

SQL> savepoint point_1;

Savepoint created.

SQL> update emp
  2  set deptno=30
  3  where empno =7782;

1 row updated.

SQL> savepoint point_1;

Savepoint created.

SQL> update emp
  2  set job = 'MANAGER';

12 rows updated.

SQL> rollback to savepoint point_1;

Rollback complete.

SQL> select * from emp;

     EMPNO ENAME      JOB                    MGR HIREDATE        SAL       COMM     DEPTNO                                                  
---------- ---------- --------------- ---------- -------- ---------- ---------- ----------                                                  
      7369 SMITH      CLERK                 7902 80/12/17        800                    20                                                  
      7499 ALLEN      SALESMAN              7698 81/02/20       1600        300         30                                                  
      7521 WARD       SALESMAN              7698 81/02/22       1250        500         30                                                  
      7566 JONES      MANAGER               7839 81/04/02       2975                    20                                                  
      7654 MARTIN     SALESMAN              7698 81/09/28       1250       1400         30                                                  
      7698 BLAKE      MANAGER               7839 81/05/01       2850                    30                                                  
      7782 CLARK      MANAGER               7839 81/06/09       2450                    30                                                  
      7839 KING       PRESIDENT                  81/11/17       1000                    10                                                  
      7844 TURNER     SALESMAN              7698 81/09/08       1500          0         30                                                  
      7900 JAMES      CLERK                 7698 81/12/03        950                    30                                                  
      7902 FORD       ANALYST               7566 81/12/03       3000                    20                                                  

     EMPNO ENAME      JOB                    MGR HIREDATE        SAL       COMM     DEPTNO                                                  
---------- ---------- --------------- ---------- -------- ---------- ---------- ----------                                                  
      7934 MILLER     CLERK                 7782 82/01/23       1300                    10                                                  

12 rows selected.

SQL> update emp
  2  set job='MANAGER;
ERROR:
ORA-01756: quoted string not properly terminated 


SQL> set job='MANAGER';
SP2-0735: unknown SET option beginning "job='MANAG..."
SQL> update emp
  2  set job='MANAGER';

12 rows updated.

SQL> commit;

Commit complete.

SQL> rollback to savepoint point_1;
rollback to savepoint point_1
*
ERROR at line 1:
ORA-01086: savepoint 'POINT_1' never established in this session or is invalid 


SQL> show user
USER is "SCOTT"
SQL> select * from emp
  2  where empno=7782;

     EMPNO ENAME      JOB                    MGR HIREDATE        SAL       COMM     DEPTNO                                                  
---------- ---------- --------------- ---------- -------- ---------- ---------- ----------                                                  
      7782 CLARK      MANAGER               7839 81/06/09       2450                    30                                                  

SQL> update emp
  2  set sal=200
  3  where empno=7782;

0 rows updated.

SQL> show user
USER is "SCOTT"
SQL> desc user_objects;
 Name                                                                          Null?    Type
 ----------------------------------------------------------------------------- -------- ----------------------------------------------------
 OBJECT_NAME                                                                            VARCHAR2(128)
 SUBOBJECT_NAME                                                                         VARCHAR2(30)
 OBJECT_ID                                                                              NUMBER
 DATA_OBJECT_ID                                                                         NUMBER
 OBJECT_TYPE                                                                            VARCHAR2(19)
 CREATED                                                                                DATE
 LAST_DDL_TIME                                                                          DATE
 TIMESTAMP                                                                              VARCHAR2(19)
 STATUS                                                                                 VARCHAR2(7)
 TEMPORARY                                                                              VARCHAR2(1)
 GENERATED                                                                              VARCHAR2(1)
 SECONDARY                                                                              VARCHAR2(1)
 NAMESPACE                                                                              NUMBER
 EDITION_NAME                                                                           VARCHAR2(30)

SQL> select object_name,object_type,created
  2  from user_objects;

OBJECT_NAME                                                                                                                                 
--------------------------------------------------------------------------------------------------------------------------------------------
OBJECT_TYPE                            CREATED                                                                                              
-------------------------------------- --------                                                                                             
PK_DEPT                                                                                                                                     
INDEX                                  19/11/25                                                                                             
                                                                                                                                            
DEPT                                                                                                                                        
TABLE                                  19/11/25                                                                                             
                                                                                                                                            
EMP                                                                                                                                         
TABLE                                  19/11/25                                                                                             
                                                                                                                                            

OBJECT_NAME                                                                                                                                 
--------------------------------------------------------------------------------------------------------------------------------------------
OBJECT_TYPE                            CREATED                                                                                              
-------------------------------------- --------                                                                                             
PK_EMP                                                                                                                                      
INDEX                                  19/11/25                                                                                             
                                                                                                                                            
BONUS                                                                                                                                       
TABLE                                  19/11/25                                                                                             
                                                                                                                                            
SALGRADE                                                                                                                                    
TABLE                                  19/11/25                                                                                             
                                                                                                                                            

OBJECT_NAME                                                                                                                                 
--------------------------------------------------------------------------------------------------------------------------------------------
OBJECT_TYPE                            CREATED                                                                                              
-------------------------------------- --------                                                                                             
TIMESTAMP_TEST                                                                                                                              
TABLE                                  19/11/25                                                                                             
                                                                                                                                            
TEST_TAB1                                                                                                                                   
TABLE                                  19/11/25                                                                                             
                                                                                                                                            
TEST_TAB1_ID_PK                                                                                                                             
INDEX                                  19/11/25                                                                                             
                                                                                                                                            

OBJECT_NAME                                                                                                                                 
--------------------------------------------------------------------------------------------------------------------------------------------
OBJECT_TYPE                            CREATED                                                                                              
-------------------------------------- --------                                                                                             
DEPT_TAB                                                                                                                                    
TABLE                                  19/11/25                                                                                             
                                                                                                                                            
DEPT_TAB_DEPTNO_PK                                                                                                                          
INDEX                                  19/11/25                                                                                             
                                                                                                                                            
CK_TAB2                                                                                                                                     
TABLE                                  19/11/26                                                                                             
                                                                                                                                            

OBJECT_NAME                                                                                                                                 
--------------------------------------------------------------------------------------------------------------------------------------------
OBJECT_TYPE                            CREATED                                                                                              
-------------------------------------- --------                                                                                             
POST                                                                                                                                        
TABLE                                  19/11/26                                                                                             
                                                                                                                                            
POST_POST12_PK                                                                                                                              
INDEX                                  19/11/26                                                                                             
                                                                                                                                            
MEMBER                                                                                                                                      
TABLE                                  19/11/26                                                                                             
                                                                                                                                            

OBJECT_NAME                                                                                                                                 
--------------------------------------------------------------------------------------------------------------------------------------------
OBJECT_TYPE                            CREATED                                                                                              
-------------------------------------- --------                                                                                             
MEMBER_ID_PK                                                                                                                                
INDEX                                  19/11/26                                                                                             
                                                                                                                                            
MEMBER_JUMIN12_UK                                                                                                                           
INDEX                                  19/11/26                                                                                             
                                                                                                                                            
EMP_10                                                                                                                                      
TABLE                                  19/11/27                                                                                             
                                                                                                                                            

OBJECT_NAME                                                                                                                                 
--------------------------------------------------------------------------------------------------------------------------------------------
OBJECT_TYPE                            CREATED                                                                                              
-------------------------------------- --------                                                                                             
COPY_EMP                                                                                                                                    
TABLE                                  19/11/27                                                                                             
                                                                                                                                            

19 rows selected.

SQL> col object_name format a15
SQL> col object_type format a15
SQL> r
  1  select object_name,object_type,created
  2* from user_objects

OBJECT_NAME     OBJECT_TYPE     CREATED                                                                                                     
--------------- --------------- --------                                                                                                    
COPY_EMP        TABLE           19/11/27                                                                                                    
EMP_10          TABLE           19/11/27                                                                                                    
MEMBER_JUMIN12_ INDEX           19/11/26                                                                                                    
UK                                                                                                                                          
                                                                                                                                            
MEMBER_ID_PK    INDEX           19/11/26                                                                                                    
MEMBER          TABLE           19/11/26                                                                                                    
POST_POST12_PK  INDEX           19/11/26                                                                                                    
POST            TABLE           19/11/26                                                                                                    
CK_TAB2         TABLE           19/11/26                                                                                                    
DEPT_TAB_DEPTNO INDEX           19/11/25                                                                                                    

OBJECT_NAME     OBJECT_TYPE     CREATED                                                                                                     
--------------- --------------- --------                                                                                                    
_PK                                                                                                                                         
                                                                                                                                            
DEPT_TAB        TABLE           19/11/25                                                                                                    
TEST_TAB1_ID_PK INDEX           19/11/25                                                                                                    
TEST_TAB1       TABLE           19/11/25                                                                                                    
TIMESTAMP_TEST  TABLE           19/11/25                                                                                                    
SALGRADE        TABLE           19/11/25                                                                                                    
BONUS           TABLE           19/11/25                                                                                                    
PK_EMP          INDEX           19/11/25                                                                                                    
EMP             TABLE           19/11/25                                                                                                    
DEPT            TABLE           19/11/25                                                                                                    

OBJECT_NAME     OBJECT_TYPE     CREATED                                                                                                     
--------------- --------------- --------                                                                                                    
PK_DEPT         INDEX           19/11/25                                                                                                    

19 rows selected.

SQL> desc dept;
 Name                                                                          Null?    Type
 ----------------------------------------------------------------------------- -------- ----------------------------------------------------
 DEPTNO                                                                        NOT NULL NUMBER(2)
 DNAME                                                                                  VARCHAR2(14)
 LOC                                                                                    VARCHAR2(13)

SQL> desc user_constraints;
 Name                                                                          Null?    Type
 ----------------------------------------------------------------------------- -------- ----------------------------------------------------
 OWNER                                                                                  VARCHAR2(120)
 CONSTRAINT_NAME                                                               NOT NULL VARCHAR2(30)
 CONSTRAINT_TYPE                                                                        VARCHAR2(1)
 TABLE_NAME                                                                    NOT NULL VARCHAR2(30)
 SEARCH_CONDITION                                                                       LONG
 R_OWNER                                                                                VARCHAR2(120)
 R_CONSTRAINT_NAME                                                                      VARCHAR2(30)
 DELETE_RULE                                                                            VARCHAR2(9)
 STATUS                                                                                 VARCHAR2(8)
 DEFERRABLE                                                                             VARCHAR2(14)
 DEFERRED                                                                               VARCHAR2(9)
 VALIDATED                                                                              VARCHAR2(13)
 GENERATED                                                                              VARCHAR2(14)
 BAD                                                                                    VARCHAR2(3)
 RELY                                                                                   VARCHAR2(4)
 LAST_CHANGE                                                                            DATE
 INDEX_OWNER                                                                            VARCHAR2(30)
 INDEX_NAME                                                                             VARCHAR2(30)
 INVALID                                                                                VARCHAR2(7)
 VIEW_RELATED                                                                           VARCHAR2(14)

SQL> select constraint_name, constraint_type,search_condition,r_constraint_name
  2  from user_constraints
  3  where table_name='EMP';

CONSTRAINT_NAME                                              CO                                                                             
------------------------------------------------------------ --                                                                             
SEARCH_CONDITION                                                                                                                            
--------------------------------------------------------------------------------                                                            
R_CONSTRAINT_NAME                                                                                                                           
------------------------------------------------------------                                                                                
PK_EMP                                                       P                                                                              
                                                                                                                                            
                                                                                                                                            
                                                                                                                                            
FK_DEPTNO                                                    R                                                                              
                                                                                                                                            
PK_DEPT                                                                                                                                     

CONSTRAINT_NAME                                              CO                                                                             
------------------------------------------------------------ --                                                                             
SEARCH_CONDITION                                                                                                                            
--------------------------------------------------------------------------------                                                            
R_CONSTRAINT_NAME                                                                                                                           
------------------------------------------------------------                                                                                
                                                                                                                                            

SQL> col constraint_name format a20
SQL> col constraint_type format a5
SQL> col SEARCH_CONDITION format a20
SQL> col R_CONSTRAINT_NAME format a20
SQL> r
  1  select constraint_name, constraint_type,search_condition,r_constraint_name
  2  from user_constraints
  3* where table_name='EMP'

CONSTRAINT_NAME      CONST SEARCH_CONDITION     R_CONSTRAINT_NAME                                                                           
-------------------- ----- -------------------- --------------------                                                                        
PK_EMP               P                                                                                                                      
FK_DEPTNO            R                          PK_DEPT                                                                                     

SQL> conn scott/tigar
ERROR:
ORA-01017: invalid username/password; logon denied 


Warning: You are no longer connected to ORACLE.
SQL> conn scott/tiger
Connected.
SQL> select constraint_name, column_name
  2  from user_cons_columns
  3  where table_name='EMP';

CONSTRAINT_NAME                                                                                                                             
--------------------                                                                                                                        
COLUMN_NAME                                                                                                                                 
--------------------------------------------------------------------------------------------------------------------------------------------
PK_EMP                                                                                                                                      
EMPNO                                                                                                                                       
                                                                                                                                            
FK_DEPTNO                                                                                                                                   
DEPTNO                                                                                                                                      
                                                                                                                                            

SQL> desc user_cons_columns;
 Name                                                                          Null?    Type
 ----------------------------------------------------------------------------- -------- ----------------------------------------------------
 OWNER                                                                         NOT NULL VARCHAR2(30)
 CONSTRAINT_NAME                                                               NOT NULL VARCHAR2(30)
 TABLE_NAME                                                                    NOT NULL VARCHAR2(30)
 COLUMN_NAME                                                                            VARCHAR2(4000)
 POSITION                                                                               NUMBER

SQL> select constraint_name,table_name,column_name
  2  from user_cons_columns
  3  where table_name='EMP';

CONSTRAINT_NAME      TABLE_NAME                                                                                                             
-------------------- ------------------------------------------------------------                                                           
COLUMN_NAME                                                                                                                                 
--------------------------------------------------------------------------------------------------------------------------------------------
PK_EMP               EMP                                                                                                                    
EMPNO                                                                                                                                       
                                                                                                                                            
FK_DEPTNO            EMP                                                                                                                    
DEPTNO                                                                                                                                      
                                                                                                                                            

SQL> col constraint_name format a20
SQL> col table_name format a20
SQL> col column_name format a20
SQL> r
  1  select constraint_name,table_name,column_name
  2  from user_cons_columns
  3* where table_name='EMP'

CONSTRAINT_NAME      TABLE_NAME           COLUMN_NAME                                                                                       
-------------------- -------------------- --------------------                                                                              
PK_EMP               EMP                  EMPNO                                                                                             
FK_DEPTNO            EMP                  DEPTNO                                                                                            

SQL> ed
Wrote file afiedt.buf

  1  select constraint_name,table_name,column_name
  2  from user_cons_columns
  3* where table_name='DEPT'
SQL> /

CONSTRAINT_NAME      TABLE_NAME           COLUMN_NAME                                                                                       
-------------------- -------------------- --------------------                                                                              
PK_DEPT              DEPT                 DEPTNO                                                                                            

SQL> DESC USER_OBJECTS;
 Name                                                                          Null?    Type
 ----------------------------------------------------------------------------- -------- ----------------------------------------------------
 OBJECT_NAME                                                                            VARCHAR2(128)
 SUBOBJECT_NAME                                                                         VARCHAR2(30)
 OBJECT_ID                                                                              NUMBER
 DATA_OBJECT_ID                                                                         NUMBER
 OBJECT_TYPE                                                                            VARCHAR2(19)
 CREATED                                                                                DATE
 LAST_DDL_TIME                                                                          DATE
 TIMESTAMP                                                                              VARCHAR2(19)
 STATUS                                                                                 VARCHAR2(7)
 TEMPORARY                                                                              VARCHAR2(1)
 GENERATED                                                                              VARCHAR2(1)
 SECONDARY                                                                              VARCHAR2(1)
 NAMESPACE                                                                              NUMBER
 EDITION_NAME                                                                           VARCHAR2(30)

SQL> select object_name from user_objects;

OBJECT_NAME                                                                                                                                 
---------------                                                                                                                             
PK_DEPT                                                                                                                                     
DEPT                                                                                                                                        
EMP                                                                                                                                         
PK_EMP                                                                                                                                      
BONUS                                                                                                                                       
SALGRADE                                                                                                                                    
TIMESTAMP_TEST                                                                                                                              
TEST_TAB1                                                                                                                                   
TEST_TAB1_ID_PK                                                                                                                             
DEPT_TAB                                                                                                                                    
DEPT_TAB_DEPTNO                                                                                                                             

OBJECT_NAME                                                                                                                                 
---------------                                                                                                                             
_PK                                                                                                                                         
                                                                                                                                            
CK_TAB2                                                                                                                                     
POST                                                                                                                                        
POST_POST12_PK                                                                                                                              
MEMBER                                                                                                                                      
MEMBER_ID_PK                                                                                                                                
MEMBER_JUMIN12_                                                                                                                             
UK                                                                                                                                          
                                                                                                                                            
EMP_10                                                                                                                                      

OBJECT_NAME                                                                                                                                 
---------------                                                                                                                             
COPY_EMP                                                                                                                                    

19 rows selected.

SQL> select *
  2  from user_views;

no rows selected

SQL> select * from user_free_space;

TABLESPACE_NAME                                                 FILE_ID   BLOCK_ID      BYTES     BLOCKS RELATIVE_FNO                       
------------------------------------------------------------ ---------- ---------- ---------- ---------- ------------                       
SYSTEM                                                                1      45192      65536          8            1                       
SYSTEM                                                                1      45232     655360         80            1                       
SYSTEM                                                                1      45440    5242880        640            1                       
SYSAUX                                                                2      80144   35520512       4336            2                       
UNDOTBS1                                                              3       2168      65536          8            3                       
UNDOTBS1                                                              3       5248  210763776      25728            3                       
UNDOTBS1                                                              3      31104   58720256       7168            3                       
UNDOTBS1                                                              3      38400   83886080      10240            3                       
USERS                                                                 4        480  100925440      12320            4                       

9 rows selected.

SQL> col tablespace_name format a20
SQL> /

TABLESPACE_NAME         FILE_ID   BLOCK_ID      BYTES     BLOCKS RELATIVE_FNO                                                               
-------------------- ---------- ---------- ---------- ---------- ------------                                                               
SYSTEM                        1      45192      65536          8            1                                                               
SYSTEM                        1      45232     655360         80            1                                                               
SYSTEM                        1      45440    5242880        640            1                                                               
SYSAUX                        2      80144   35520512       4336            2                                                               
UNDOTBS1                      3       2168      65536          8            3                                                               
UNDOTBS1                      3       5248  210763776      25728            3                                                               
UNDOTBS1                      3      31104   58720256       7168            3                                                               
UNDOTBS1                      3      38400   83886080      10240            3                                                               
USERS                         4        480  100925440      12320            4                                                               

9 rows selected.

SQL> select emp table;
select emp table
           *
ERROR at line 1:
ORA-00923: FROM keyword not found where expected 


SQL> select emp from table;
select emp from table
                    *
ERROR at line 1:
ORA-00906: missing left parenthesis 


SQL> show user;
USER is "SCOTT"
SQL> select * from emp;

     EMPNO ENAME      JOB                    MGR HIREDATE        SAL       COMM     DEPTNO                                                  
---------- ---------- --------------- ---------- -------- ---------- ---------- ----------                                                  
      7369 SMITH      MANAGER               7902 80/12/17        800                    20                                                  
      7499 ALLEN      MANAGER               7698 81/02/20       1600        300         30                                                  
      7521 WARD       MANAGER               7698 81/02/22       1250        500         30                                                  
      7566 JONES      MANAGER               7839 81/04/02       2975                    20                                                  
      7654 MARTIN     MANAGER               7698 81/09/28       1250       1400         30                                                  
      7698 BLAKE      MANAGER               7839 81/05/01       2850                    30                                                  
      7839 KING       MANAGER                    81/11/17       1000                    10                                                  
      7844 TURNER     MANAGER               7698 81/09/08       1500          0         30                                                  
      7900 JAMES      MANAGER               7698 81/12/03        950                    30                                                  
      7902 FORD       MANAGER               7566 81/12/03       3000                    20                                                  
      7934 MILLER     MANAGER               7782 82/01/23       1300                    10                                                  

11 rows selected.

SQL> select name,type from emp;
select name,type from emp
            *
ERROR at line 1:
ORA-00904: "TYPE": invalid identifier 


SQL> select * from dept;

    DEPTNO DNAME                        LOC                                                                                                 
---------- ---------------------------- --------------------------                                                                          
        50 Development                                                                                                                      
        10 ACCOUNTING                   NEW YORK                                                                                            
        20 RESEARCH                     DALLAS                                                                                              
        30 SALES                        CHICAGO                                                                                             
        40 OPERATIONS                   BOSTON                                                                                              

SQL> select * from salgrade
  2  ;

     GRADE      LOSAL      HISAL                                                                                                            
---------- ---------- ----------                                                                                                            
         1        700       1200                                                                                                            
         2       1201       1400                                                                                                            
         3       1401       2000                                                                                                            
         4       2001       3000                                                                                                            
         5       3001       9999                                                                                                            

SQL> select empno,ename,job from emp;

     EMPNO ENAME      JOB                                                                                                                   
---------- ---------- ---------------                                                                                                       
      7369 SMITH      MANAGER                                                                                                               
      7499 ALLEN      MANAGER                                                                                                               
      7521 WARD       MANAGER                                                                                                               
      7566 JONES      MANAGER                                                                                                               
      7654 MARTIN     MANAGER                                                                                                               
      7698 BLAKE      MANAGER                                                                                                               
      7839 KING       MANAGER                                                                                                               
      7844 TURNER     MANAGER                                                                                                               
      7900 JAMES      MANAGER                                                                                                               
      7902 FORD       MANAGER                                                                                                               
      7934 MILLER     MANAGER                                                                                                               

11 rows selected.

SQL> select deptno,dname from emp;
select deptno,dname from emp
              *
ERROR at line 1:
ORA-00904: "DNAME": invalid identifier 


SQL> select dname,loc from emp;
select dname,loc from emp
             *
ERROR at line 1:
ORA-00904: "LOC": invalid identifier 


SQL> select * from dept;

    DEPTNO DNAME                        LOC                                                                                                 
---------- ---------------------------- --------------------------                                                                          
        50 Development                                                                                                                      
        10 ACCOUNTING                   NEW YORK                                                                                            
        20 RESEARCH                     DALLAS                                                                                              
        30 SALES                        CHICAGO                                                                                             
        40 OPERATIONS                   BOSTON                                                                                              

SQL> select dname,loc from dept;

DNAME                        LOC                                                                                                            
---------------------------- --------------------------                                                                                     
Development                                                                                                                                 
ACCOUNTING                   NEW YORK                                                                                                       
RESEARCH                     DALLAS                                                                                                         
SALES                        CHICAGO                                                                                                        
OPERATIONS                   BOSTON                                                                                                         

SQL> select deptno,dname from dept;

    DEPTNO DNAME                                                                                                                            
---------- ----------------------------                                                                                                     
        50 Development                                                                                                                      
        10 ACCOUNTING                                                                                                                       
        20 RESEARCH                                                                                                                         
        30 SALES                                                                                                                            
        40 OPERATIONS                                                                                                                       

SQL> select * from dept;

    DEPTNO DNAME                        LOC                                                                                                 
---------- ---------------------------- --------------------------                                                                          
        50 Development                                                                                                                      
        10 ACCOUNTING                   NEW YORK                                                                                            
        20 RESEARCH                     DALLAS                                                                                              
        30 SALES                        CHICAGO                                                                                             
        40 OPERATIONS                   BOSTON                                                                                              

SQL> select * from sal;
select * from sal
              *
ERROR at line 1:
ORA-00942: table or view does not exist 


SQL> select sal,comm from dept;
select sal,comm from dept
           *
ERROR at line 1:
ORA-00904: "COMM": invalid identifier 


SQL> where sal;
